// Jest Snapshot v1, https://goo.gl/fbAQLP

exports[`renders 1`] = `
<DocumentFragment>
  <div
    class="ClockTabs"
  >
    <nav
      class="ClockTabs-nav"
    >
      <ul>
        <li>
          Timer
        </li>
        <li>
          Alarm
        </li>
      </ul>
    </nav>
    <div
      class="Timer"
    >
      <div
        class="Timer-display"
      >
        <div
          class="DurationInput-main"
          role="timer"
          tabindex="0"
        >
          <div
            class="DurationInput-area"
          >
            <span
              class="Digit lit"
            >
              1
            </span>
            <span
              class="Digit lit"
            >
              5
            </span>
            <span
              class="Label minutes lit"
            >
              m
            </span>
            <span
              class="Digit lit"
            >
              0
            </span>
            <span
              class="Digit lit"
            >
              0
            </span>
            <span
              class="Label seconds lit"
            >
              s
            </span>
          </div>
        </div>
      </div>
      <nav
        class="Timer-controls"
      >
        <input
          type="button"
          value="Start"
        />
        <input
          type="button"
          value="Reset"
        />
      </nav>
    </div>
  </div>
</DocumentFragment>
`;
