// Jest Snapshot v1, https://goo.gl/fbAQLP

exports[`matches snapshot 1`] = `
<DocumentFragment>
  <audio
    src="fifteen minutes to go.ogg"
    title="announcer"
  />
</DocumentFragment>
`;
